Testing MongoDB connection...
URI: mongodb://127.0.0.1:27017/smarttax
node : (node:13060) [DEP0040] DeprecationWarning: The `punycode` module is deprecated. Please use a userland alternative instead.
At line:1 char:81
+ ... rium\tax-project\backend'; node test-mongo-connection.js 2>&1 | Tee-O ...
+                                ~~~~~~~~~~~~~~~~~~~~~~~~~~~~~~~~~~
    + CategoryInfo          : NotSpecified: ((node:13060) [D...native instead.:String) [], RemoteException
    + FullyQualifiedErrorId : NativeCommandError
 
(Use `node --trace-deprecation ...` to show where the warning was created)
Γ£à MongoDB connected successfully!
Database: smarttax
Host: 127.0.0.1
Port: 27017
≡ƒöî Disconnected
